---
source: tests/erroneous.rs
expression: compiler_output
input_file: tests/erroneous/method_call/extra_argument_error.sk
---
wrong number of arguments: expected 0, got 1
