---
source: tests/erroneous.rs
expression: compiler_output
input_file: tests/erroneous/method_call/semicolon_within_parentheses.sk
---

